Archive member included because of file (symbol)

../cross_compiler/lib/gcc/arm-none-eabi/4.8.1//libgcc.a(_udivsi3.o)
                              binaries/qsort.o (__aeabi_uidiv)
../cross_compiler/lib/gcc/arm-none-eabi/4.8.1//libgcc.a(_divsi3.o)
                              binaries/doprnt.o (__aeabi_idiv)
../cross_compiler/lib/gcc/arm-none-eabi/4.8.1//libgcc.a(_dvmd_tls.o)
                              ../cross_compiler/lib/gcc/arm-none-eabi/4.8.1//libgcc.a(_udivsi3.o) (__aeabi_idiv0)
../cross_compiler/lib/gcc/arm-none-eabi/4.8.1//libgcc.a(_arm_muldivdf3.o)
                              binaries/doprnt.o (__aeabi_dmul)
../cross_compiler/lib/gcc/arm-none-eabi/4.8.1//libgcc.a(_arm_cmpdf2.o)
                              binaries/doprnt.o (__aeabi_dcmplt)
../cross_compiler/lib/gcc/arm-none-eabi/4.8.1//libgcc.a(_arm_fixdfsi.o)
                              binaries/doprnt.o (__aeabi_d2iz)

Allocating common symbols
Common symbol       size              file

netbufpool          0x4               binaries/net.o
readylist           0x2               binaries/ready.o
rfltab              0x5a0             binaries/rflinit.o
netportseed         0x4               binaries/net.o
sleepq              0x2               binaries/clkinit.o
cts_sem             0x4               binaries/initialize.o
intc_vector         0x200             binaries/evec.o
nnames              0x4               binaries/naminit.o
udptab              0x168             binaries/udp.o
minheap             0x4               binaries/meminit.o
marks               0x50              binaries/mark.o
currpid             0x4               binaries/initialize.o
Lf_data             0x20c             binaries/lfsinit.o
porttab             0x2d0             binaries/ptinit.o
ttytab              0x110             binaries/ttyinit.o
proctab             0x15e0            binaries/initialize.o
eth_a_regs          0x1c              binaries/ethinit.o
prcount             0x4               binaries/initialize.o
lfltab              0xf00             binaries/lflinit.o
rdstab              0x8c              binaries/rdsinit.o
ethertab            0x138             binaries/ethinit.o
NetData             0xb0              binaries/net.o
nmarks              0x4               binaries/mark.o
Defer               0x8               binaries/resched.o
semtab              0x4b0             binaries/initialize.o
maxheap             0x4               binaries/meminit.o
preempt             0x4               binaries/clkinit.o
buftab              0xf0              binaries/bufinit.o
Rf_data             0x18              binaries/rfsinit.o
mkmutex             0x4               binaries/mark.o
clktime             0x4               binaries/clkinit.o
arpcache            0x140             binaries/arp.o
icmptab             0x230             binaries/icmp.o
nbpools             0x4               binaries/bufinit.o
queuetab            0x980             binaries/queue.o
ptnextid            0x4               binaries/ptinit.o
Ram                 0x19000           binaries/raminit.o
ipoqueue            0x2c              binaries/ip.o
memlist             0x8               binaries/initialize.o
nametab             0x19a0            binaries/naminit.o
ptfree              0x4               binaries/ptinit.o

Memory Configuration

Name             Origin             Length             Attributes
*default*        0x00000000         0xffffffff

Linker script and memory map

                0x81000000                physbase = 0x81000000
                0x81000000                . = physbase
                0x81000000                . = ALIGN (0x1000)

.text           0x81000000    0x17000
                0x81000000                text = ABSOLUTE (.)
 *(.text .text.*)
 .text          0x81000000       0x4c binaries/start.o
                0x81000000                start
 .text          0x8100004c      0x33c binaries/ascdate.o
                0x8100004c                ascdate
 .text          0x81000388       0x18 binaries/bufinit.o
                0x81000388                bufinit
 .text          0x810003a0       0x68 binaries/chprio.o
                0x810003a0                chprio
 .text          0x81000408       0xf0 binaries/clkhandler.o
                0x81000408                clkhandler
 .text          0x810004f8       0xd4 binaries/clkinit.o
                0x810004f8                clkinit
 .text          0x810005cc       0x50 binaries/close.o
                0x810005cc                close
 .text          0x8100061c        0x0 binaries/conf.o
 .text          0x8100061c       0x68 binaries/control.o
                0x8100061c                control
 .text          0x81000684      0x290 binaries/create.o
                0x81000684                create
 .text          0x81000914       0xb0 binaries/evec.o
                0x81000914                initintc
                0x81000940                set_evec
                0x81000980                irq_dispatch
 .text          0x810009c4       0x10 binaries/exit.o
                0x810009c4                exit
 .text          0x810009d4       0x7c binaries/freebuf.o
                0x810009d4                freebuf
 .text          0x81000a50      0x148 binaries/freemem.o
                0x81000a50                freemem
 .text          0x81000b98      0x10c binaries/fsrpoll.o
                0x81000b98                fsrpoll
 .text          0x81000ca4       0x78 binaries/getbuf.o
                0x81000ca4                getbuf
 .text          0x81000d1c       0x50 binaries/getc.o
                0x81000d1c                getc
 .text          0x81000d6c       0x68 binaries/getdev.o
                0x81000d6c                getdev
 .text          0x81000dd4       0xa0 binaries/getitem.o
                0x81000dd4                getitem
                0x81000e04                getfirst
                0x81000e38                getlast
 .text          0x81000e74      0x108 binaries/getmem.o
                0x81000e74                getmem
 .text          0x81000f7c       0x10 binaries/getpid.o
                0x81000f7c                getpid
 .text          0x81000f8c       0x5c binaries/getprio.o
                0x81000f8c                getprio
 .text          0x81000fe8       0xc8 binaries/getstk.o
                0x81000fe8                getstk
 .text          0x810010b0        0x8 binaries/getticks.o
                0x810010b0                getticks
 .text          0x810010b8       0x38 binaries/gettime.o
                0x810010b8                gettime
 .text          0x810010f0      0x1f4 binaries/getutime.o
                0x810010f0                getutime
 .text          0x810012e4       0x50 binaries/init.o
                0x810012e4                init
 .text          0x81001334      0x35c binaries/initialize.o
                0x810013d8                nulluser
                0x81001630                stop
                0x81001654                delay
 .text          0x81001690       0xd0 binaries/insert.o
                0x81001690                insert
 .text          0x81001760      0x134 binaries/insertd.o
                0x81001760                insertd
 .text          0x81001894        0x8 binaries/ioerr.o
                0x81001894                ioerr
 .text          0x8100189c        0x8 binaries/ionull.o
                0x8100189c                ionull
 .text          0x810018a4      0x158 binaries/kill.o
                0x810018a4                kill
 .text          0x810019fc       0xd0 binaries/kprintf.o
                0x810019fc                kputc
                0x81001a4c                kgetc
                0x81001a8c                kprintf
 .text          0x81001acc      0x1a0 binaries/main.o
                0x81001acc                main
 .text          0x81001c6c       0xd0 binaries/mark.o
                0x81001c6c                markinit
                0x81001c98                mark
 .text          0x81001d3c       0x48 binaries/meminit.o
                0x81001d3c                meminit
 .text          0x81001d84      0x140 binaries/mkbufpool.o
                0x81001d84                mkbufpool
 .text          0x81001ec4       0x7c binaries/newqueue.o
                0x81001ec4                newqueue
 .text          0x81001f40       0x60 binaries/open.o
                0x81001f40                open
 .text          0x81001fa0       0x20 binaries/panic.o
                0x81001fa0                panic
 .text          0x81001fc0       0xac binaries/platinit.o
                0x81001fc0                counterinit
                0x81001fd8                platinit
 .text          0x8100206c       0xa8 binaries/ptclear.o
                0x8100206c                _ptclear
 .text          0x81002114       0x78 binaries/ptcount.o
                0x81002114                ptcount
 .text          0x8100218c       0xdc binaries/ptcreate.o
                0x8100218c                ptcreate
 .text          0x81002268       0x74 binaries/ptdelete.o
                0x81002268                ptdelete
 .text          0x810022dc       0xbc binaries/ptinit.o
                0x810022dc                ptinit
 .text          0x81002398       0xd0 binaries/ptrecv.o
                0x81002398                ptrecv
 .text          0x81002468       0x68 binaries/ptreset.o
                0x81002468                ptreset
 .text          0x810024d0       0xf4 binaries/ptsend.o
                0x810024d0                ptsend
 .text          0x810025c4       0x58 binaries/putc.o
                0x810025c4                putc
 .text          0x8100261c       0xf4 binaries/queue.o
                0x8100261c                enqueue
                0x810026b4                dequeue
 .text          0x81002710       0x60 binaries/read.o
                0x81002710                read
 .text          0x81002770       0x74 binaries/ready.o
                0x81002770                ready
 .text          0x810027e4       0x60 binaries/receive.o
                0x810027e4                receive
 .text          0x81002844       0x48 binaries/recvclr.o
                0x81002844                recvclr
 .text          0x8100288c       0x9c binaries/recvpkt.o
                0x8100288c                recvpkt
 .text          0x81002928       0xb0 binaries/recvtime.o
                0x81002928                recvtime
 .text          0x810029d8      0x1ac binaries/resched.o
                0x810029d8                resched
                0x81002ac8                resched_cntl
 .text          0x81002b84       0x90 binaries/resume.o
                0x81002b84                resume
 .text          0x81002c14       0x58 binaries/seek.o
                0x81002c14                seek
 .text          0x81002c6c       0x58 binaries/semcount.o
                0x81002c6c                semcount
 .text          0x81002cc4       0xb8 binaries/semcreate.o
                0x81002cc4                semcreate
 .text          0x81002d7c       0xac binaries/semdelete.o
                0x81002d7c                semdelete
 .text          0x81002e28       0xa4 binaries/semreset.o
                0x81002e28                semreset
 .text          0x81002ecc       0xc0 binaries/send.o
                0x81002ecc                send
 .text          0x81002f8c       0xd0 binaries/sendpkt.o
                0x81002f8c                sendpkt
 .text          0x8100305c      0x2f8 binaries/serverbuz.o
                0x8100305c                serverbuz
 .text          0x81003354      0x400 binaries/serverfsr.o
                0x81003354                serverfsr
 .text          0x81003754       0x80 binaries/signal.o
                0x81003754                signal
 .text          0x810037d4       0xb0 binaries/signaln.o
                0x810037d4                signaln
 .text          0x81003884       0xcc binaries/sleep.o
                0x81003884                sleepms
                0x81003920                sleep
 .text          0x81003950       0xbc binaries/suspend.o
                0x81003950                suspend
 .text          0x81003a0c       0xb8 binaries/unsleep.o
                0x81003a0c                unsleep
 .text          0x81003ac4       0x10 binaries/userret.o
                0x81003ac4                userret
 .text          0x81003ad4       0xac binaries/wait.o
                0x81003ad4                wait
 .text          0x81003b80      0x10c binaries/waittouch.o
                0x81003b80                waittouch
 .text          0x81003c8c       0xa0 binaries/wakeup.o
                0x81003c8c                wakeup
 .text          0x81003d2c       0x60 binaries/write.o
                0x81003d2c                write
 .text          0x81003d8c       0x18 binaries/xdone.o
                0x81003d8c                xdone
 .text          0x81003da4       0x20 binaries/yield.o
                0x81003da4                yield
 .text          0x81003dc4        0xc binaries/abs.o
                0x81003dc4                abs
 .text          0x81003dd0      0x114 binaries/atoi.o
                0x81003dd0                atoi
 .text          0x81003ee4      0x114 binaries/atol.o
                0x81003ee4                atol
 .text          0x81003ff8       0x20 binaries/bzero.o
                0x81003ff8                bzero
 .text          0x81004018        0x0 binaries/ctype_.o
 .text          0x81004018      0xa34 binaries/doprnt.o
                0x81004238                _doprnt
 .text          0x81004a4c      0x704 binaries/doscan.o
                0x81004a4c                _doscan
 .text          0x81005150      0x898 binaries/fdoprnt.o
                0x810051fc                _fdoprnt
 .text          0x810059e8       0x14 binaries/fgetc.o
                0x810059e8                fgetc
 .text          0x810059fc       0x84 binaries/fgets.o
                0x810059fc                fgets
 .text          0x81005a80       0x3c binaries/fprintf.o
                0x81005a80                fprintf
 .text          0x81005abc       0x24 binaries/fputc.o
                0x81005abc                fputc
 .text          0x81005ae0       0x38 binaries/fputs.o
                0x81005ae0                fputs
 .text          0x81005b18       0x78 binaries/fscanf.o
                0x81005b4c                fscanf
 .text          0x81005b90       0x2c binaries/getchar.o
                0x81005b90                getchar
 .text          0x81005bbc        0xc binaries/labs.o
                0x81005bbc                labs
 .text          0x81005bc8        0x0 binaries/memchr.o
 .text          0x81005bc8       0x60 binaries/memcmp.o
                0x81005bc8                memcmp
 .text          0x81005c28       0x24 binaries/memcpy.o
                0x81005c28                memcpy
 .text          0x81005c4c       0x20 binaries/memset.o
                0x81005c4c                memset
 .text          0x81005c6c       0x58 binaries/printf.o
                0x81005c6c                printf
 .text          0x81005cc4       0x2c binaries/putchar.o
                0x81005cc4                putchar
 .text          0x81005cf0      0x254 binaries/qsort.o
                0x81005f24                qsort
 .text          0x81005f44       0x7c binaries/rand.o
                0x81005f44                rand
                0x81005f7c                rand_r
                0x81005fb0                srand
 .text          0x81005fc0       0x68 binaries/sprintf.o
                0x81005fd8                sprintf
 .text          0x81006028       0x78 binaries/sscanf.o
                0x8100605c                sscanf
 .text          0x810060a0       0x48 binaries/strchr.o
                0x810060a0                strchr
 .text          0x810060e8       0x54 binaries/strcmp.o
                0x810060e8                strcmp
 .text          0x8100613c       0x18 binaries/strcpy.o
                0x8100613c                strcpy
 .text          0x81006154       0x30 binaries/strlen.o
                0x81006154                strlen
 .text          0x81006184       0x50 binaries/strncat.o
                0x81006184                strncat
 .text          0x810061d4       0x54 binaries/strncmp.o
                0x810061d4                strncmp
 .text          0x81006228       0x80 binaries/strncpy.o
                0x81006228                strncpy
 .text          0x810062a8       0x48 binaries/strnlen.o
                0x810062a8                strnlen
 .text          0x810062f0       0x58 binaries/strrchr.o
                0x810062f0                strrchr
 .text          0x81006348       0xb0 binaries/strstr.o
                0x81006348                strstr
 .text          0x810063f8        0x8 binaries/fsrclose.o
                0x810063f8                fsrclose
 .text          0x81006400      0x11c binaries/fsrinit.o
                0x81006400                fsrinit
 .text          0x8100651c       0x58 binaries/fsropen.o
                0x8100651c                fsropen
 .text          0x81006574       0x28 binaries/fsrread.o
                0x81006574                fsrread
 .text          0x8100659c       0x6c binaries/ctshandler.o
                0x8100659c                ctshandler
 .text          0x81006608       0x28 binaries/ctsinit.o
                0x81006608                ctsinit
 .text          0x81006630       0x70 binaries/ctsopen.o
                0x81006630                ctsopen
 .text          0x810066a0       0x8c binaries/ctsread.o
                0x810066a0                ctsread
 .text          0x8100672c       0x90 binaries/buzclose.o
                0x8100672c                buzclose
 .text          0x810067bc       0x70 binaries/buzopen.o
                0x810067bc                buzopen
 .text          0x8100682c      0x118 binaries/buzwrite.o
                0x8100682c                buzwrite
 .text          0x81006944       0xc8 binaries/ttycontrol.o
                0x81006944                ttycontrol
 .text          0x81006a0c       0x6c binaries/ttygetc.o
                0x81006a0c                ttygetc
 .text          0x81006a78      0x4d8 binaries/ttyhandle_in.o
                0x81006b44                ttyhandle_in
 .text          0x81006f50      0x14c binaries/ttyhandle_out.o
                0x81006f50                ttyhandle_out
 .text          0x8100709c       0xc8 binaries/ttyhandler.o
                0x8100709c                ttyhandler
 .text          0x81007164      0x120 binaries/ttyinit.o
                0x81007164                ttyinit
 .text          0x81007284        0xc binaries/ttykickout.o
                0x81007284                ttykickout
 .text          0x81007290       0x78 binaries/ttyputc.o
                0x81007290                ttyputc
 .text          0x81007308      0x110 binaries/ttyread.o
                0x81007308                ttyread
 .text          0x81007418       0x4c binaries/ttywrite.o
                0x81007418                ttywrite
 .text          0x81007464      0x134 binaries/mount.o
                0x81007464                namlen
                0x810074b8                mount
 .text          0x81007598      0x1c8 binaries/naminit.o
                0x81007598                naminit
 .text          0x81007760      0x240 binaries/nammap.o
                0x81007760                namrepl
                0x81007898                namcpy
                0x810078f4                nammap
 .text          0x810079a0       0x40 binaries/namopen.o
                0x810079a0                namopen
 .text          0x810079e0       0x40 binaries/ethcontrol.o
                0x810079e0                ethcontrol
 .text          0x81007a20      0x178 binaries/ethhandler.o
                0x81007a20                ethhandler
 .text          0x81007b98      0x734 binaries/ethinit.o
                0x81007b98                eth_phy_read
                0x81007c08                eth_phy_write
                0x81007c60                eth_phy_reset
                0x81007dd0                ethinit
 .text          0x810082cc       0xd8 binaries/ethread.o
                0x810082cc                ethread
 .text          0x810083a4       0xf0 binaries/ethwrite.o
                0x810083a4                ethwrite
 .text          0x81008494       0x90 binaries/rdsbufalloc.o
                0x81008494                rdsbufalloc
 .text          0x81008524       0xa0 binaries/rdsclose.o
                0x81008524                rdsclose
 .text          0x810085c4      0x20c binaries/rdscomm.o
                0x810085c4                rdscomm
 .text          0x810087d0      0x1a0 binaries/rdscontrol.o
                0x810087d0                rdscontrol
 .text          0x81008970      0x180 binaries/rdsinit.o
                0x81008970                rdsinit
 .text          0x81008af0      0x134 binaries/rdsopen.o
                0x81008af0                rdsopen
 .text          0x81008c24      0x304 binaries/rdsprocess.o
                0x81008c24                rdsprocess
 .text          0x81008f28      0x210 binaries/rdsread.o
                0x81008f28                rdsread
 .text          0x81009138      0x184 binaries/rdswrite.o
                0x81009138                rdswrite
 .text          0x810092bc        0x8 binaries/ramclose.o
                0x810092bc                ramclose
 .text          0x810092c4       0x3c binaries/raminit.o
                0x810092c4                raminit
 .text          0x81009300        0x8 binaries/ramopen.o
                0x81009300                ramopen
 .text          0x81009308       0x24 binaries/ramread.o
                0x81009308                ramread
 .text          0x8100932c       0x20 binaries/ramwrite.o
                0x8100932c                ramwrite
 .text          0x8100934c       0x94 binaries/lfdballoc.o
                0x8100934c                lfdballoc
 .text          0x810093e0       0x4c binaries/lfdbfree.o
                0x810093e0                lfdbfree
 .text          0x8100942c       0xb8 binaries/lfflush.o
                0x8100942c                lfflush
 .text          0x810094e4       0xc8 binaries/lfgetmode.o
                0x810094e4                lfgetmode
 .text          0x810095ac       0x6c binaries/lfiballoc.o
                0x810095ac                lfiballoc
 .text          0x81009618       0x30 binaries/lfibclear.o
                0x81009618                lfibclear
 .text          0x81009648       0x64 binaries/lfibget.o
                0x81009648                lfibget
 .text          0x810096ac       0x8c binaries/lfibput.o
                0x810096ac                lfibput
 .text          0x81009738       0x84 binaries/lflclose.o
                0x81009738                lflclose
 .text          0x810097bc       0xa0 binaries/lflcontrol.o
                0x810097bc                lflcontrol
 .text          0x8100985c       0xa8 binaries/lflgetc.o
                0x8100985c                lflgetc
 .text          0x81009904       0xa8 binaries/lflinit.o
                0x81009904                lflinit
 .text          0x810099ac       0xdc binaries/lflputc.o
                0x810099ac                lflputc
 .text          0x81009a88       0x78 binaries/lflread.o
                0x81009a88                lflread
 .text          0x81009b00       0x80 binaries/lflseek.o
                0x81009b00                lflseek
 .text          0x81009b80       0x5c binaries/lflwrite.o
                0x81009b80                lflwrite
 .text          0x81009bdc       0xa0 binaries/lfscheck.o
                0x81009bdc                lfscheck
 .text          0x81009c7c      0x144 binaries/lfsckfmt.o
                0x81009c7c                lfsckfmt
 .text          0x81009dc0      0x15c binaries/lfscreate.o
                0x81009dc0                lfscreate
 .text          0x81009f1c      0x1f0 binaries/lfsetup.o
                0x81009f1c                lfsetup
 .text          0x8100a10c       0x44 binaries/lfsinit.o
                0x8100a10c                lfsinit
 .text          0x8100a150      0x358 binaries/lfsopen.o
                0x8100a150                lfsopen
 .text          0x8100a4a8      0x108 binaries/lftruncate.o
                0x8100a4a8                lftruncate
 .text          0x8100a5b0       0x70 binaries/rflclose.o
                0x8100a5b0                rflclose
 .text          0x8100a620       0x28 binaries/rflgetc.o
                0x8100a620                rflgetc
 .text          0x8100a648       0x54 binaries/rflinit.o
                0x8100a648                rflinit
 .text          0x8100a69c       0x30 binaries/rflputc.o
                0x8100a69c                rflputc
 .text          0x8100a6cc      0x28c binaries/rflread.o
                0x8100a6cc                rflread
 .text          0x8100a958       0x74 binaries/rflseek.o
                0x8100a958                rflseek
 .text          0x8100a9cc      0x2c8 binaries/rflwrite.o
                0x8100a9cc                rflwrite
 .text          0x8100ac94      0x198 binaries/rfscomm.o
                0x8100ac94                rfscomm
 .text          0x8100ae2c      0x224 binaries/rfscontrol.o
                0x8100ae2c                rfscontrol
 .text          0x8100b050       0xc8 binaries/rfsgetmode.o
                0x8100b050                rfsgetmode
 .text          0x8100b118       0x84 binaries/rfsinit.o
                0x8100b118                rfsinit
 .text          0x8100b19c       0xa4 binaries/rfsndmsg.o
                0x8100b19c                rfsndmsg
 .text          0x8100b240      0x22c binaries/rfsopen.o
                0x8100b240                rfsopen
 .text          0x8100b46c       0x8c binaries/spicontrol.o
                0x8100b46c                spicontrol
 .text          0x8100b4f8       0xa8 binaries/spiinit.o
                0x8100b4f8                spiinit
 .text          0x8100b5a0      0x714 binaries/arp.o
                0x8100b5a0                arp_init
                0x8100b5c0                arp_alloc
                0x8100b694                arp_ntoh
                0x8100b738                arp_hton
                0x8100b7dc                arp_resolve
                0x8100ba40                arp_in
 .text          0x8100bcb4      0x6b0 binaries/dhcp.o
                0x8100bcb4                dhcp_get_opt_val
                0x8100bd14                dhcp_bld_bootp_msg
                0x8100be0c                dhcp_bld_disc
                0x8100be60                dhcp_bld_req
                0x8100bf24                getlocalip
 .text          0x8100c364      0x56c binaries/dns.o
                0x8100c44c                dnslookup
 .text          0x8100c8d0      0x120 binaries/dot2ip.o
                0x8100c8d0                dot2ip
 .text          0x8100c9f0      0x33c binaries/hexdump.o
                0x8100c9f0                hexdump
                0x8100cb50                hexadump
 .text          0x8100cd2c      0x660 binaries/icmp.o
                0x8100cd2c                icmp_init
                0x8100cd50                icmp_register
                0x8100ce0c                icmp_recv
                0x8100cf5c                icmp_mkpkt
                0x8100d04c                icmp_in
                0x8100d198                icmp_send
                0x8100d208                icmp_release
                0x8100d2c4                icmp_cksum
                0x8100d324                icmp_hton
                0x8100d358                icmp_ntoh
 .text          0x8100d38c      0x674 binaries/ip.o
                0x8100d38c                ip_local
                0x8100d3bc                ipcksum
                0x8100d400                ip_ntoh
                0x8100d4a4                ip_in
                0x8100d5e0                ip_hton
                0x8100d684                ip_out
                0x8100d738                ip_send
                0x8100d868                ipout
                0x8100d964                ip_enqueue
 .text          0x8100da00      0x228 binaries/net.o
                0x8100da00                net_init
                0x8100db08                eth_hton
                0x8100db1c                eth_ntoh
                0x8100db30                netin
                0x8100dbd8                getport
 .text          0x8100dc28      0x9dc binaries/pdump.o
                0x8100dc28                pdump
                0x8100e1b4                pdumph
 .text          0x8100e604      0x56c binaries/tftp.o
                0x8100e604                tftp_send1
                0x8100e6f0                tftpget_mb
                0x8100eb3c                tftpget
 .text          0x8100eb70      0x890 binaries/udp.o
                0x8100eb70                udp_init
                0x8100eb98                udp_in
                0x8100ec84                udp_register
                0x8100ed80                udp_recv
                0x8100eeb4                udp_recvaddr
                0x8100f004                udp_send
                0x8100f17c                udp_sendto
                0x8100f2dc                udp_release
                0x8100f398                udp_ntoh
                0x8100f3cc                udp_hton
 .text          0x8100f400      0x120 binaries/addargs.o
                0x8100f400                addargs
 .text          0x8100f520      0x2b4 binaries/lexan.o
                0x8100f520                lexan
 .text          0x8100f7d4      0x6ac binaries/shell.o
                0x8100f7d4                shell
 .text          0x8100fe80       0x64 binaries/xsh_argecho.o
                0x8100fe80                xsh_argecho
 .text          0x8100fee4      0x1f8 binaries/xsh_arp.o
                0x8100fee4                xsh_arp
 .text          0x810100dc      0x23c binaries/xsh_cat.o
                0x810100dc                xsh_cat
 .text          0x81010318       0x5c binaries/xsh_clear.o
                0x81010318                xsh_clear
 .text          0x81010374      0x29c binaries/xsh_date.o
                0x81010374                xsh_date
 .text          0x81010610       0x98 binaries/xsh_devdump.o
                0x81010610                xsh_devdump
 .text          0x810106a8       0x68 binaries/xsh_echo.o
                0x810106a8                xsh_echo
 .text          0x81010710        0x8 binaries/xsh_exit.o
                0x81010710                xsh_exit
 .text          0x81010718      0x3d0 binaries/xsh_help.o
                0x81010718                xsh_help
 .text          0x81010ae8      0x1f8 binaries/xsh_kill.o
                0x81010ae8                xsh_kill
 .text          0x81010ce0      0x490 binaries/xsh_memdump.o
                0x81010ddc                xsh_memdump
 .text          0x81011170      0x224 binaries/xsh_memstat.o
                0x81011170                xsh_memstat
 .text          0x81011394      0x3fc binaries/xsh_netinfo.o
                0x81011394                xsh_netinfo
 .text          0x81011790      0x3b0 binaries/xsh_ping.o
                0x81011790                xsh_ping
 .text          0x81011b40      0x220 binaries/xsh_ps.o
                0x81011b40                xsh_ps
 .text          0x81011d60      0x1cc binaries/xsh_sleep.o
                0x81011d60                xsh_sleep
 .text          0x81011f2c      0x244 binaries/xsh_udpdump.o
                0x81011f2c                xsh_udpdump
 .text          0x81012170      0x400 binaries/xsh_udpecho.o
                0x81012170                xsh_udpecho
 .text          0x81012570      0x254 binaries/xsh_udpserver.o
                0x81012570                xsh_udpeserver
 .text          0x810127c4      0x1ac binaries/xsh_uptime.o
                0x810127c4                xsh_uptime
 .text          0x81012970       0x2c binaries/ctxsw.o
                0x81012970                ctxsw
 .text          0x8101299c      0x100 binaries/intr.o
                0x8101299c                disable
                0x810129a8                restore
                0x810129cc                enable
                0x810129d4                pause
                0x810129d4                halt
                0x810129dc                irq_except
                0x81012a0c                initevec
                0x81012a6c                expjmpinstr
 .text          0x81012a9c      0x114 ../cross_compiler/lib/gcc/arm-none-eabi/4.8.1//libgcc.a(_udivsi3.o)
                0x81012a9c                __udivsi3
                0x81012a9c                __aeabi_uidiv
                0x81012b90                __aeabi_uidivmod
 .text          0x81012bb0      0x148 ../cross_compiler/lib/gcc/arm-none-eabi/4.8.1//libgcc.a(_divsi3.o)
                0x81012bb0                __aeabi_idiv
                0x81012bb0                __divsi3
                0x81012cd8                __aeabi_idivmod
 .text          0x81012cf8        0x4 ../cross_compiler/lib/gcc/arm-none-eabi/4.8.1//libgcc.a(_dvmd_tls.o)
                0x81012cf8                __aeabi_ldiv0
                0x81012cf8                __aeabi_idiv0
 .text          0x81012cfc      0x49c ../cross_compiler/lib/gcc/arm-none-eabi/4.8.1//libgcc.a(_arm_muldivdf3.o)
                0x81012cfc                __aeabi_dmul
                0x81012cfc                __muldf3
                0x81012f8c                __aeabi_ddiv
                0x81012f8c                __divdf3
 .text          0x81013198      0x144 ../cross_compiler/lib/gcc/arm-none-eabi/4.8.1//libgcc.a(_arm_cmpdf2.o)
                0x81013198                __gtdf2
                0x81013198                __gedf2
                0x810131a0                __ltdf2
                0x810131a0                __ledf2
                0x810131a8                __cmpdf2
                0x810131a8                __eqdf2
                0x810131a8                __nedf2
                0x81013230                __aeabi_cdrcmple
                0x8101324c                __aeabi_cdcmple
                0x8101324c                __aeabi_cdcmpeq
                0x81013264                __aeabi_dcmpeq
                0x8101327c                __aeabi_dcmplt
                0x81013294                __aeabi_dcmple
                0x810132ac                __aeabi_dcmpge
                0x810132c4                __aeabi_dcmpgt
 .text          0x810132dc       0x5c ../cross_compiler/lib/gcc/arm-none-eabi/4.8.1//libgcc.a(_arm_fixdfsi.o)
                0x810132dc                __fixdfsi
                0x810132dc                __aeabi_d2iz
 *(.rodata .rodata.*)
 .rodata.str1.4
                0x81013338       0x78 binaries/ascdate.o
 .rodata.str1.4
                0x810133b0       0xf1 binaries/conf.o
                                 0xf4 (size before relaxing)
 *fill*         0x810134a1        0x3 
 .rodata        0x810134a4        0x4 binaries/fsrpoll.o
 .rodata.str1.4
                0x810134a8       0x72 binaries/fsrpoll.o
                                 0x78 (size before relaxing)
 *fill*         0x8101351a        0x2 
 .rodata.str1.4
                0x8101351c       0x61 binaries/getutime.o
                                 0x64 (size before relaxing)
 *fill*         0x8101357d        0x3 
 .rodata.str1.4
                0x81013580      0x180 binaries/initialize.o
                                0x190 (size before relaxing)
 .rodata        0x81013700        0x4 binaries/main.o
 .rodata.str1.4
                0x81013704       0x50 binaries/main.o
                                 0x8c (size before relaxing)
 .rodata.str1.4
                0x81013754        0xf binaries/panic.o
                                 0x10 (size before relaxing)
 *fill*         0x81013763        0x1 
 .rodata.str1.4
                0x81013764       0x1d binaries/ptinit.o
                                 0x20 (size before relaxing)
 *fill*         0x81013781        0x3 
 .rodata.str1.4
                0x81013784       0x25 binaries/ptsend.o
                                 0x28 (size before relaxing)
 *fill*         0x810137a9        0x3 
 .rodata.str1.4
                0x810137ac       0x9d binaries/recvpkt.o
                                 0xa0 (size before relaxing)
 *fill*         0x81013849        0x3 
 .rodata.str1.4
                0x8101384c       0xcc binaries/sendpkt.o
 .rodata.str1.4
                0x81013918      0x11a binaries/serverbuz.o
                                0x180 (size before relaxing)
 *fill*         0x81013a32        0x2 
 .rodata        0x81013a34        0x4 binaries/serverfsr.o
 .rodata.str1.4
                0x81013a38       0xe8 binaries/serverfsr.o
                                0x180 (size before relaxing)
 .rodata        0x81013b20        0x4 binaries/waittouch.o
 .rodata.str1.4
                0x81013b24       0x21 binaries/waittouch.o
                                 0x74 (size before relaxing)
 *fill*         0x81013b45        0x3 
 .rodata.str1.4
                0x81013b48       0x27 binaries/xdone.o
                                 0x28 (size before relaxing)
 *fill*         0x81013b6f        0x1 
 .rodata        0x81013b70       0x84 binaries/ctype_.o
                0x81013b70                _ctype_
 .rodata.str1.4
                0x81013bf4       0x2f binaries/doprnt.o
                                 0x30 (size before relaxing)
 .rodata.str1.4
                0x00000000       0x30 binaries/fdoprnt.o
 *fill*         0x81013c23        0x1 
 .rodata.str1.4
                0x81013c24      0x125 binaries/fsrinit.o
                                0x128 (size before relaxing)
 *fill*         0x81013d49        0x3 
 .rodata.str1.4
                0x81013d4c       0x55 binaries/fsropen.o
                                 0x58 (size before relaxing)
 *fill*         0x81013da1        0x3 
 .rodata.str1.4
                0x81013da4       0x17 binaries/fsrread.o
                                 0x18 (size before relaxing)
 *fill*         0x81013dbb        0x1 
 .rodata.str1.4
                0x81013dbc       0x15 binaries/ctsinit.o
                                 0x18 (size before relaxing)
 *fill*         0x81013dd1        0x3 
 .rodata.str1.4
                0x81013dd4       0x6c binaries/ctsopen.o
 .rodata.str1.4
                0x81013e40       0xc4 binaries/ctsread.o
 .rodata.str1.4
                0x81013f04       0x4d binaries/buzclose.o
                                 0xa8 (size before relaxing)
 *fill*         0x81013f51        0x3 
 .rodata.str1.4
                0x81013f54       0x11 binaries/buzopen.o
                                 0x6c (size before relaxing)
 *fill*         0x81013f65        0x3 
 .rodata.str1.4
                0x81013f68       0x3a binaries/buzwrite.o
                                 0x9c (size before relaxing)
 *fill*         0x81013fa2        0x2 
 .rodata.str1.4
                0x81013fa4       0x86 binaries/naminit.o
                                 0x90 (size before relaxing)
 *fill*         0x8101402a        0x2 
 .rodata.str1.4
                0x8101402c       0xe5 binaries/ethinit.o
                                 0xe8 (size before relaxing)
 *fill*         0x81014111        0x3 
 .rodata.str1.4
                0x81014114       0x12 binaries/ethread.o
                                 0x14 (size before relaxing)
 *fill*         0x81014126        0x2 
 .rodata.str1.4
                0x81014128       0x2c binaries/rdsbufalloc.o
 .rodata.str1.4
                0x81014154       0x76 binaries/rdscomm.o
                                 0x78 (size before relaxing)
 *fill*         0x810141ca        0x2 
 .rodata.str1.4
                0x810141cc       0x48 binaries/rdscontrol.o
 .rodata.str1.4
                0x81014214       0x96 binaries/rdsinit.o
                                 0x98 (size before relaxing)
 *fill*         0x810142aa        0x2 
 .rodata.str1.4
                0x810142ac       0x22 binaries/rdsopen.o
                                 0x24 (size before relaxing)
 *fill*         0x810142ce        0x2 
 .rodata.str1.4
                0x810142d0       0x4d binaries/rdsprocess.o
                                 0x50 (size before relaxing)
 *fill*         0x8101431d        0x3 
 .rodata.str1.4
                0x81014320        0x9 binaries/raminit.o
                                  0xc (size before relaxing)
 *fill*         0x81014329        0x3 
 .rodata.str1.4
                0x8101432c       0x37 binaries/lfdballoc.o
                                 0x38 (size before relaxing)
 *fill*         0x81014363        0x1 
 .rodata.str1.4
                0x81014364       0x14 binaries/lfiballoc.o
 .rodata.str1.4
                0x81014378       0x23 binaries/lflcontrol.o
                                 0x24 (size before relaxing)
 *fill*         0x8101439b        0x1 
 .rodata.str1.4
                0x8101439c      0x11f binaries/lfsckfmt.o
                                0x120 (size before relaxing)
 *fill*         0x810144bb        0x1 
 .rodata.str1.4
                0x810144bc       0x2a binaries/lfsopen.o
                                 0x2c (size before relaxing)
 *fill*         0x810144e6        0x2 
 .rodata.str1.4
                0x810144e8       0x21 binaries/rflread.o
                                 0x24 (size before relaxing)
 .rodata.str1.4
                0x00000000       0x24 binaries/rflwrite.o
 *fill*         0x81014509        0x3 
 .rodata.str1.4
                0x8101450c       0x75 binaries/rfscomm.o
                                 0x78 (size before relaxing)
 *fill*         0x81014581        0x3 
 .rodata.str1.4
                0x81014584       0x23 binaries/rfscontrol.o
                                 0x24 (size before relaxing)
 *fill*         0x810145a7        0x1 
 .rodata.str1.4
                0x810145a8       0x63 binaries/rfsinit.o
                                 0x64 (size before relaxing)
 *fill*         0x8101460b        0x1 
 .rodata.str1.4
                0x8101460c       0x2a binaries/rfsndmsg.o
                                 0x2c (size before relaxing)
 .rodata.str1.4
                0x00000000       0x24 binaries/rfsopen.o
 *fill*         0x81014636        0x2 
 .rodata.str1.4
                0x81014638       0x3d binaries/arp.o
                                 0x40 (size before relaxing)
 *fill*         0x81014675        0x3 
 .rodata.str1.4
                0x81014678       0xd3 binaries/dhcp.o
                                 0xd4 (size before relaxing)
 *fill*         0x8101474b        0x1 
 .rodata.str1.4
                0x8101474c       0x1a binaries/dns.o
                                 0x1c (size before relaxing)
 *fill*         0x81014766        0x2 
 .rodata.str1.4
                0x81014768       0xca binaries/hexdump.o
                                 0xd8 (size before relaxing)
 *fill*         0x81014832        0x2 
 .rodata.str1.4
                0x81014834       0x29 binaries/icmp.o
                                 0x2c (size before relaxing)
 *fill*         0x8101485d        0x3 
 .rodata.str1.4
                0x81014860       0x6e binaries/ip.o
                                 0x70 (size before relaxing)
 *fill*         0x810148ce        0x2 
 .rodata.str1.4
                0x810148d0       0x53 binaries/net.o
                                 0x54 (size before relaxing)
 *fill*         0x81014923        0x1 
 .rodata.str1.4
                0x81014924      0x292 binaries/pdump.o
                                0x298 (size before relaxing)
 *fill*         0x81014bb6        0x2 
 .rodata.str1.4
                0x81014bb8      0x150 binaries/tftp.o
                                0x158 (size before relaxing)
 .rodata        0x81014d08       0xfc binaries/shell.o
                0x81014d08                cmdtab
 .rodata.str1.4
                0x81014e04      0x2e6 binaries/shell.o
                                0x2f0 (size before relaxing)
 *fill*         0x810150ea        0x2 
 .rodata.str1.4
                0x810150ec       0x29 binaries/xsh_argecho.o
                                 0x30 (size before relaxing)
 *fill*         0x81015115        0x3 
 .rodata.str1.4
                0x81015118      0x13e binaries/xsh_arp.o
                                0x144 (size before relaxing)
 *fill*         0x81015256        0x2 
 .rodata.str1.4
                0x81015258       0x81 binaries/xsh_cat.o
                                 0xd4 (size before relaxing)
 *fill*         0x810152d9        0x3 
 .rodata.str1.4
                0x810152dc       0x19 binaries/xsh_clear.o
                                 0x1c (size before relaxing)
 *fill*         0x810152f5        0x3 
 .rodata.str1.4
                0x810152f8      0x1af binaries/xsh_date.o
                                0x1cc (size before relaxing)
 *fill*         0x810154a7        0x1 
 .rodata.str1.4
                0x810154a8       0x61 binaries/xsh_devdump.o
                                 0x64 (size before relaxing)
 *fill*         0x81015509        0x3 
 .rodata.str1.4
                0x8101550c        0x8 binaries/xsh_echo.o
                                  0xc (size before relaxing)
 .rodata.str1.4
                0x81015514       0xe7 binaries/xsh_help.o
                                0x17c (size before relaxing)
 *fill*         0x810155fb        0x1 
 .rodata.str1.4
                0x810155fc       0xc8 binaries/xsh_kill.o
                                0x138 (size before relaxing)
 .rodata.str1.4
                0x810156c4      0x226 binaries/xsh_memdump.o
                                0x27c (size before relaxing)
 *fill*         0x810158ea        0x2 
 .rodata.str1.4
                0x810158ec      0x1cc binaries/xsh_memstat.o
                                0x234 (size before relaxing)
 .rodata.str1.4
                0x81015ab8      0x10f binaries/xsh_netinfo.o
                                0x1cc (size before relaxing)
 *fill*         0x81015bc7        0x1 
 .rodata.str1.4
                0x81015bc8      0x13f binaries/xsh_ping.o
                                0x1b4 (size before relaxing)
 *fill*         0x81015d07        0x1 
 .rodata        0x81015d08       0x20 binaries/xsh_ps.o
 .rodata.str1.4
                0x81015d28      0x11a binaries/xsh_ps.o
                                0x1d4 (size before relaxing)
 *fill*         0x81015e42        0x2 
 .rodata.str1.4
                0x81015e44       0x5e binaries/xsh_sleep.o
                                 0xf8 (size before relaxing)
 *fill*         0x81015ea2        0x2 
 .rodata        0x81015ea4        0xc binaries/xsh_udpdump.o
 .rodata.str1.4
                0x81015eb0      0x122 binaries/xsh_udpdump.o
                                0x1e0 (size before relaxing)
 *fill*         0x81015fd2        0x2 
 .rodata.str1.4
                0x81015fd4      0x1ae binaries/xsh_udpecho.o
                                0x224 (size before relaxing)
 *fill*         0x81016182        0x2 
 .rodata.str1.4
                0x81016184       0x97 binaries/xsh_udpserver.o
                                0x13c (size before relaxing)
 *fill*         0x8101621b        0x1 
 .rodata.str1.4
                0x8101621c       0x78 binaries/xsh_uptime.o
                                0x114 (size before relaxing)
                0x81016294                etext = ABSOLUTE (.)
                0x81017000                . = ALIGN (0x1000)
 *fill*         0x81016294      0xd6c 

.glue_7         0x81017000        0x0
 .glue_7        0x00000000        0x0 linker stubs

.glue_7t        0x81017000        0x0
 .glue_7t       0x00000000        0x0 linker stubs

.vfp11_veneer   0x81017000        0x0
 .vfp11_veneer  0x00000000        0x0 linker stubs

.v4_bx          0x81017000        0x0
 .v4_bx         0x00000000        0x0 linker stubs

.iplt           0x81017000        0x0
 .iplt          0x00000000        0x0 binaries/start.o

.rel.dyn        0x81017000        0x0
 .rel.iplt      0x00000000        0x0 binaries/start.o

.data           0x81017000     0x1000
                0x81017000                data = ABSOLUTE (.)
 *(.data .data.*)
 .data          0x81017000        0x0 binaries/start.o
 .data          0x81017000       0x88 binaries/ascdate.o
                0x81017000                Date
 .data          0x81017088        0x0 binaries/bufinit.o
 .data          0x81017088        0x0 binaries/chprio.o
 .data          0x81017088        0x4 binaries/clkhandler.o
 .data          0x8101708c        0x0 binaries/clkinit.o
 .data          0x8101708c        0x0 binaries/close.o
 .data          0x8101708c      0x6cc binaries/conf.o
                0x8101708c                devtab
 .data          0x81017758        0x0 binaries/control.o
 .data          0x81017758        0x4 binaries/create.o
 .data          0x8101775c       0x40 binaries/evec.o
                0x8101775c                expmsg2
                0x81017770                expmsg1
 .data          0x8101779c        0x0 binaries/exit.o
 .data          0x8101779c        0x0 binaries/freebuf.o
 .data          0x8101779c        0x0 binaries/freemem.o
 .data          0x8101779c        0x0 binaries/fsrpoll.o
 .data          0x8101779c        0x0 binaries/getbuf.o
 .data          0x8101779c        0x0 binaries/getc.o
 .data          0x8101779c        0x0 binaries/getdev.o
 .data          0x8101779c        0x0 binaries/getitem.o
 .data          0x8101779c        0x0 binaries/getmem.o
 .data          0x8101779c        0x0 binaries/getpid.o
 .data          0x8101779c        0x0 binaries/getprio.o
 .data          0x8101779c        0x0 binaries/getstk.o
 .data          0x8101779c        0x0 binaries/getticks.o
 .data          0x8101779c        0x0 binaries/gettime.o
 .data          0x8101779c        0x0 binaries/getutime.o
 .data          0x8101779c        0x0 binaries/init.o
 .data          0x8101779c        0x0 binaries/initialize.o
 .data          0x8101779c        0x0 binaries/insert.o
 .data          0x8101779c        0x0 binaries/insertd.o
 .data          0x8101779c        0x0 binaries/ioerr.o
 .data          0x8101779c        0x0 binaries/ionull.o
 .data          0x8101779c        0x0 binaries/kill.o
 .data          0x8101779c        0x0 binaries/kprintf.o
 .data          0x8101779c        0x0 binaries/main.o
 .data          0x8101779c        0x0 binaries/mark.o
 .data          0x8101779c        0x0 binaries/meminit.o
 .data          0x8101779c        0x0 binaries/mkbufpool.o
 .data          0x8101779c        0x2 binaries/newqueue.o
 .data          0x8101779e        0x0 binaries/open.o
 .data          0x8101779e        0x0 binaries/panic.o
 .data          0x8101779e        0x0 binaries/platinit.o
 .data          0x8101779e        0x0 binaries/ptclear.o
 .data          0x8101779e        0x0 binaries/ptcount.o
 .data          0x8101779e        0x0 binaries/ptcreate.o
 .data          0x8101779e        0x0 binaries/ptdelete.o
 .data          0x8101779e        0x0 binaries/ptinit.o
 .data          0x8101779e        0x0 binaries/ptrecv.o
 .data          0x8101779e        0x0 binaries/ptreset.o
 .data          0x8101779e        0x0 binaries/ptsend.o
 .data          0x8101779e        0x0 binaries/putc.o
 .data          0x8101779e        0x0 binaries/queue.o
 .data          0x8101779e        0x0 binaries/read.o
 .data          0x8101779e        0x0 binaries/ready.o
 .data          0x8101779e        0x0 binaries/receive.o
 .data          0x8101779e        0x0 binaries/recvclr.o
 .data          0x8101779e        0x0 binaries/recvpkt.o
 .data          0x8101779e        0x0 binaries/recvtime.o
 .data          0x8101779e        0x0 binaries/resched.o
 .data          0x8101779e        0x0 binaries/resume.o
 .data          0x8101779e        0x0 binaries/seek.o
 .data          0x8101779e        0x0 binaries/semcount.o
 .data          0x8101779e        0x0 binaries/semcreate.o
 .data          0x8101779e        0x0 binaries/semdelete.o
 .data          0x8101779e        0x0 binaries/semreset.o
 .data          0x8101779e        0x0 binaries/send.o
 .data          0x8101779e        0x0 binaries/sendpkt.o
 .data          0x8101779e        0x0 binaries/serverbuz.o
 .data          0x8101779e        0x0 binaries/serverfsr.o
 .data          0x8101779e        0x0 binaries/signal.o
 .data          0x8101779e        0x0 binaries/signaln.o
 .data          0x8101779e        0x0 binaries/sleep.o
 .data          0x8101779e        0x0 binaries/suspend.o
 .data          0x8101779e        0x0 binaries/unsleep.o
 .data          0x8101779e        0x0 binaries/userret.o
 .data          0x8101779e        0x0 binaries/wait.o
 .data          0x8101779e        0x0 binaries/waittouch.o
 .data          0x8101779e        0x0 binaries/wakeup.o
 .data          0x8101779e        0x0 binaries/write.o
 .data          0x8101779e        0x0 binaries/xdone.o
 .data          0x8101779e        0x0 binaries/yield.o
 .data          0x8101779e        0x0 binaries/abs.o
 .data          0x8101779e        0x0 binaries/atoi.o
 .data          0x8101779e        0x0 binaries/atol.o
 .data          0x8101779e        0x0 binaries/bzero.o
 .data          0x8101779e        0x0 binaries/ctype_.o
 .data          0x8101779e        0x0 binaries/doprnt.o
 *fill*         0x8101779e        0x2 
 .data          0x810177a0       0x80 binaries/doscan.o
                0x810177a0                _sctab
 .data          0x81017820        0x0 binaries/fdoprnt.o
 .data          0x81017820        0x0 binaries/fgetc.o
 .data          0x81017820        0x0 binaries/fgets.o
 .data          0x81017820        0x0 binaries/fprintf.o
 .data          0x81017820        0x0 binaries/fputc.o
 .data          0x81017820        0x0 binaries/fputs.o
 .data          0x81017820        0x0 binaries/fscanf.o
 .data          0x81017820        0x0 binaries/getchar.o
 .data          0x81017820        0x0 binaries/labs.o
 .data          0x81017820        0x0 binaries/memchr.o
 .data          0x81017820        0x0 binaries/memcmp.o
 .data          0x81017820        0x0 binaries/memcpy.o
 .data          0x81017820        0x0 binaries/memset.o
 .data          0x81017820        0x0 binaries/printf.o
 .data          0x81017820        0x0 binaries/putchar.o
 .data          0x81017820        0x0 binaries/qsort.o
 .data          0x81017820        0x4 binaries/rand.o
 .data          0x81017824        0x0 binaries/sprintf.o
 .data          0x81017824        0x0 binaries/sscanf.o
 .data          0x81017824        0x0 binaries/strchr.o
 .data          0x81017824        0x0 binaries/strcmp.o
 .data          0x81017824        0x0 binaries/strcpy.o
 .data          0x81017824        0x0 binaries/strlen.o
 .data          0x81017824        0x0 binaries/strncat.o
 .data          0x81017824        0x0 binaries/strncmp.o
 .data          0x81017824        0x0 binaries/strncpy.o
 .data          0x81017824        0x0 binaries/strnlen.o
 .data          0x81017824        0x0 binaries/strrchr.o
 .data          0x81017824        0x0 binaries/strstr.o
 .data          0x81017824        0x0 binaries/fsrclose.o
 .data          0x81017824        0x0 binaries/fsrinit.o
 .data          0x81017824        0x0 binaries/fsropen.o
 .data          0x81017824        0x0 binaries/fsrread.o
 .data          0x81017824        0x0 binaries/ctshandler.o
 .data          0x81017824        0x0 binaries/ctsinit.o
 .data          0x81017824        0x0 binaries/ctsopen.o
 .data          0x81017824        0x0 binaries/ctsread.o
 .data          0x81017824        0x0 binaries/buzclose.o
 .data          0x81017824        0x0 binaries/buzopen.o
 .data          0x81017824        0x0 binaries/buzwrite.o
 .data          0x81017824        0x0 binaries/ttycontrol.o
 .data          0x81017824        0x0 binaries/ttygetc.o
 .data          0x81017824        0x0 binaries/ttyhandle_in.o
 .data          0x81017824        0x0 binaries/ttyhandle_out.o
 .data          0x81017824        0x0 binaries/ttyhandler.o
 .data          0x81017824        0x0 binaries/ttyinit.o
 .data          0x81017824        0x0 binaries/ttykickout.o
 .data          0x81017824        0x0 binaries/ttyputc.o
 .data          0x81017824        0x0 binaries/ttyread.o
 .data          0x81017824        0x0 binaries/ttywrite.o
 .data          0x81017824        0x0 binaries/mount.o
 .data          0x81017824        0x0 binaries/naminit.o
 .data          0x81017824        0x0 binaries/nammap.o
 .data          0x81017824        0x0 binaries/namopen.o
 .data          0x81017824        0x0 binaries/ethcontrol.o
 .data          0x81017824        0x0 binaries/ethhandler.o
 .data          0x81017824        0x0 binaries/ethinit.o
 .data          0x81017824        0x0 binaries/ethread.o
 .data          0x81017824        0x0 binaries/ethwrite.o
 .data          0x81017824        0x0 binaries/rdsbufalloc.o
 .data          0x81017824        0x0 binaries/rdsclose.o
 .data          0x81017824        0x0 binaries/rdscomm.o
 .data          0x81017824        0x0 binaries/rdscontrol.o
 .data          0x81017824        0x0 binaries/rdsinit.o
 .data          0x81017824        0x0 binaries/rdsopen.o
 .data          0x81017824        0x0 binaries/rdsprocess.o
 .data          0x81017824        0x0 binaries/rdsread.o
 .data          0x81017824        0x0 binaries/rdswrite.o
 .data          0x81017824        0x0 binaries/ramclose.o
 .data          0x81017824        0x0 binaries/raminit.o
 .data          0x81017824        0x0 binaries/ramopen.o
 .data          0x81017824        0x0 binaries/ramread.o
 .data          0x81017824        0x0 binaries/ramwrite.o
 .data          0x81017824        0x0 binaries/lfdballoc.o
 .data          0x81017824        0x0 binaries/lfdbfree.o
 .data          0x81017824        0x0 binaries/lfflush.o
 .data          0x81017824        0x0 binaries/lfgetmode.o
 .data          0x81017824        0x0 binaries/lfiballoc.o
 .data          0x81017824        0x0 binaries/lfibclear.o
 .data          0x81017824        0x0 binaries/lfibget.o
 .data          0x81017824        0x0 binaries/lfibput.o
 .data          0x81017824        0x0 binaries/lflclose.o
 .data          0x81017824        0x0 binaries/lflcontrol.o
 .data          0x81017824        0x0 binaries/lflgetc.o
 .data          0x81017824        0x0 binaries/lflinit.o
 .data          0x81017824        0x0 binaries/lflputc.o
 .data          0x81017824        0x0 binaries/lflread.o
 .data          0x81017824        0x0 binaries/lflseek.o
 .data          0x81017824        0x0 binaries/lflwrite.o
 .data          0x81017824        0x0 binaries/lfscheck.o
 .data          0x81017824        0x0 binaries/lfsckfmt.o
 .data          0x81017824        0x0 binaries/lfscreate.o
 .data          0x81017824        0x0 binaries/lfsetup.o
 .data          0x81017824        0x0 binaries/lfsinit.o
 .data          0x81017824        0x0 binaries/lfsopen.o
 .data          0x81017824        0x0 binaries/lftruncate.o
 .data          0x81017824        0x0 binaries/rflclose.o
 .data          0x81017824        0x0 binaries/rflgetc.o
 .data          0x81017824        0x0 binaries/rflinit.o
 .data          0x81017824        0x0 binaries/rflputc.o
 .data          0x81017824        0x0 binaries/rflread.o
 .data          0x81017824        0x0 binaries/rflseek.o
 .data          0x81017824        0x0 binaries/rflwrite.o
 .data          0x81017824        0x0 binaries/rfscomm.o
 .data          0x81017824        0x0 binaries/rfscontrol.o
 .data          0x81017824        0x0 binaries/rfsgetmode.o
 .data          0x81017824        0x0 binaries/rfsinit.o
 .data          0x81017824        0x0 binaries/rfsndmsg.o
 .data          0x81017824        0x0 binaries/rfsopen.o
 .data          0x81017824        0x0 binaries/spicontrol.o
 .data          0x81017824        0x0 binaries/spiinit.o
 .data          0x81017824        0x0 binaries/arp.o
 .data          0x81017824        0x0 binaries/dhcp.o
 .data          0x81017824        0x0 binaries/dns.o
 .data          0x81017824        0x0 binaries/dot2ip.o
 .data          0x81017824        0x0 binaries/hexdump.o
 .data          0x81017824        0x4 binaries/icmp.o
 .data          0x81017828        0x0 binaries/ip.o
 .data          0x81017828        0x0 binaries/net.o
 .data          0x81017828        0x0 binaries/pdump.o
 .data          0x81017828        0x0 binaries/tftp.o
 .data          0x81017828        0x4 binaries/udp.o
 .data          0x8101782c        0x0 binaries/addargs.o
 .data          0x8101782c        0x0 binaries/lexan.o
 .data          0x8101782c        0x4 binaries/shell.o
                0x8101782c                ncmd
 .data          0x81017830        0x0 binaries/xsh_argecho.o
 .data          0x81017830        0x0 binaries/xsh_arp.o
 .data          0x81017830        0x0 binaries/xsh_cat.o
 .data          0x81017830        0x0 binaries/xsh_clear.o
 .data          0x81017830        0x0 binaries/xsh_date.o
 .data          0x81017830        0x0 binaries/xsh_devdump.o
 .data          0x81017830        0x0 binaries/xsh_echo.o
 .data          0x81017830        0x0 binaries/xsh_exit.o
 .data          0x81017830        0x0 binaries/xsh_help.o
 .data          0x81017830        0x0 binaries/xsh_kill.o
 .data          0x81017830        0x0 binaries/xsh_memdump.o
 .data          0x81017830        0x0 binaries/xsh_memstat.o
 .data          0x81017830        0x0 binaries/xsh_netinfo.o
 .data          0x81017830        0x0 binaries/xsh_ping.o
 .data          0x81017830        0x0 binaries/xsh_ps.o
 .data          0x81017830        0x0 binaries/xsh_sleep.o
 .data          0x81017830        0x0 binaries/xsh_udpdump.o
 .data          0x81017830        0x0 binaries/xsh_udpecho.o
 .data          0x81017830        0x0 binaries/xsh_udpserver.o
 .data          0x81017830        0x0 binaries/xsh_uptime.o
 .data          0x81017830        0x0 binaries/ctxsw.o
 .data          0x81017830        0x0 binaries/intr.o
 .data          0x81017830        0x0 ../cross_compiler/lib/gcc/arm-none-eabi/4.8.1//libgcc.a(_udivsi3.o)
 .data          0x81017830        0x0 ../cross_compiler/lib/gcc/arm-none-eabi/4.8.1//libgcc.a(_divsi3.o)
 .data          0x81017830        0x0 ../cross_compiler/lib/gcc/arm-none-eabi/4.8.1//libgcc.a(_dvmd_tls.o)
 .data          0x81017830        0x0 ../cross_compiler/lib/gcc/arm-none-eabi/4.8.1//libgcc.a(_arm_muldivdf3.o)
 .data          0x81017830        0x0 ../cross_compiler/lib/gcc/arm-none-eabi/4.8.1//libgcc.a(_arm_cmpdf2.o)
 .data          0x81017830        0x0 ../cross_compiler/lib/gcc/arm-none-eabi/4.8.1//libgcc.a(_arm_fixdfsi.o)
                0x81017830                edata = ABSOLUTE (.)
                0x81018000                . = ALIGN (0x1000)
 *fill*         0x81017830      0x7d0 

.igot.plt       0x81018000        0x0
 .igot.plt      0x00000000        0x0 binaries/start.o

.bss            0x81018000    0x20000
                0x81018000                bss = ABSOLUTE (.)
 *(.bss .bss.*)
 .bss           0x81018000        0x0 binaries/start.o
 .bss           0x81018000        0x0 binaries/ascdate.o
 .bss           0x81018000        0x0 binaries/bufinit.o
 .bss           0x81018000        0x0 binaries/chprio.o
 .bss           0x81018000        0x0 binaries/clkhandler.o
 .bss           0x81018000        0x4 binaries/clkinit.o
                0x81018000                ctr1000
 .bss           0x81018004        0x0 binaries/close.o
 .bss           0x81018004        0x0 binaries/conf.o
 .bss           0x81018004        0x0 binaries/control.o
 .bss           0x81018004        0x0 binaries/create.o
 .bss           0x81018004        0x0 binaries/evec.o
 .bss           0x81018004        0x0 binaries/exit.o
 .bss           0x81018004        0x0 binaries/freebuf.o
 .bss           0x81018004        0x0 binaries/freemem.o
 .bss           0x81018004        0x0 binaries/fsrpoll.o
 .bss           0x81018004        0x0 binaries/getbuf.o
 .bss           0x81018004        0x0 binaries/getc.o
 .bss           0x81018004        0x0 binaries/getdev.o
 .bss           0x81018004        0x0 binaries/getitem.o
 .bss           0x81018004        0x0 binaries/getmem.o
 .bss           0x81018004        0x0 binaries/getpid.o
 .bss           0x81018004        0x0 binaries/getprio.o
 .bss           0x81018004        0x0 binaries/getstk.o
 .bss           0x81018004        0x0 binaries/getticks.o
 .bss           0x81018004        0x0 binaries/gettime.o
 .bss           0x81018004        0x0 binaries/getutime.o
 .bss           0x81018004        0x0 binaries/init.o
 .bss           0x81018004        0x0 binaries/initialize.o
 .bss           0x81018004        0x0 binaries/insert.o
 .bss           0x81018004        0x0 binaries/insertd.o
 .bss           0x81018004        0x0 binaries/ioerr.o
 .bss           0x81018004        0x0 binaries/ionull.o
 .bss           0x81018004        0x0 binaries/kill.o
 .bss           0x81018004        0x0 binaries/kprintf.o
 .bss           0x81018004        0x0 binaries/main.o
 .bss           0x81018004        0x0 binaries/mark.o
 .bss           0x81018004        0x0 binaries/meminit.o
 .bss           0x81018004        0x0 binaries/mkbufpool.o
 .bss           0x81018004        0x0 binaries/newqueue.o
 .bss           0x81018004        0x0 binaries/open.o
 .bss           0x81018004        0x0 binaries/panic.o
 .bss           0x81018004        0x0 binaries/platinit.o
 .bss           0x81018004        0x0 binaries/ptclear.o
 .bss           0x81018004        0x0 binaries/ptcount.o
 .bss           0x81018004        0x0 binaries/ptcreate.o
 .bss           0x81018004        0x0 binaries/ptdelete.o
 .bss           0x81018004        0x0 binaries/ptinit.o
 .bss           0x81018004        0x0 binaries/ptrecv.o
 .bss           0x81018004        0x0 binaries/ptreset.o
 .bss           0x81018004        0x0 binaries/ptsend.o
 .bss           0x81018004        0x0 binaries/putc.o
 .bss           0x81018004        0x0 binaries/queue.o
 .bss           0x81018004        0x0 binaries/read.o
 .bss           0x81018004        0x0 binaries/ready.o
 .bss           0x81018004        0x0 binaries/receive.o
 .bss           0x81018004        0x0 binaries/recvclr.o
 .bss           0x81018004        0x0 binaries/recvpkt.o
 .bss           0x81018004        0x0 binaries/recvtime.o
 .bss           0x81018004        0x0 binaries/resched.o
 .bss           0x81018004        0x0 binaries/resume.o
 .bss           0x81018004        0x0 binaries/seek.o
 .bss           0x81018004        0x0 binaries/semcount.o
 .bss           0x81018004        0x4 binaries/semcreate.o
 .bss           0x81018008        0x0 binaries/semdelete.o
 .bss           0x81018008        0x0 binaries/semreset.o
 .bss           0x81018008        0x0 binaries/send.o
 .bss           0x81018008        0x0 binaries/sendpkt.o
 .bss           0x81018008        0x0 binaries/serverbuz.o
 .bss           0x81018008        0x0 binaries/serverfsr.o
 .bss           0x81018008        0x0 binaries/signal.o
 .bss           0x81018008        0x0 binaries/signaln.o
 .bss           0x81018008        0x0 binaries/sleep.o
 .bss           0x81018008        0x0 binaries/suspend.o
 .bss           0x81018008        0x0 binaries/unsleep.o
 .bss           0x81018008        0x0 binaries/userret.o
 .bss           0x81018008        0x0 binaries/wait.o
 .bss           0x81018008        0x0 binaries/waittouch.o
 .bss           0x81018008        0x0 binaries/wakeup.o
 .bss           0x81018008        0x0 binaries/write.o
 .bss           0x81018008        0x0 binaries/xdone.o
 .bss           0x81018008        0x0 binaries/yield.o
 .bss           0x81018008        0x0 binaries/abs.o
 .bss           0x81018008        0x0 binaries/atoi.o
 .bss           0x81018008        0x0 binaries/atol.o
 .bss           0x81018008        0x0 binaries/bzero.o
 .bss           0x81018008        0x0 binaries/ctype_.o
 .bss           0x81018008        0x0 binaries/doprnt.o
 .bss           0x81018008        0x0 binaries/doscan.o
 .bss           0x81018008        0x0 binaries/fdoprnt.o
 .bss           0x81018008        0x0 binaries/fgetc.o
 .bss           0x81018008        0x0 binaries/fgets.o
 .bss           0x81018008        0x0 binaries/fprintf.o
 .bss           0x81018008        0x0 binaries/fputc.o
 .bss           0x81018008        0x0 binaries/fputs.o
 .bss           0x81018008        0x0 binaries/fscanf.o
 .bss           0x81018008        0x0 binaries/getchar.o
 .bss           0x81018008        0x0 binaries/labs.o
 .bss           0x81018008        0x0 binaries/memchr.o
 .bss           0x81018008        0x0 binaries/memcmp.o
 .bss           0x81018008        0x0 binaries/memcpy.o
 .bss           0x81018008        0x0 binaries/memset.o
 .bss           0x81018008        0x0 binaries/printf.o
 .bss           0x81018008        0x0 binaries/putchar.o
 .bss           0x81018008        0x8 binaries/qsort.o
 .bss           0x81018010        0x0 binaries/rand.o
 .bss           0x81018010        0x0 binaries/sprintf.o
 .bss           0x81018010        0x0 binaries/sscanf.o
 .bss           0x81018010        0x0 binaries/strchr.o
 .bss           0x81018010        0x0 binaries/strcmp.o
 .bss           0x81018010        0x0 binaries/strcpy.o
 .bss           0x81018010        0x0 binaries/strlen.o
 .bss           0x81018010        0x0 binaries/strncat.o
 .bss           0x81018010        0x0 binaries/strncmp.o
 .bss           0x81018010        0x0 binaries/strncpy.o
 .bss           0x81018010        0x0 binaries/strnlen.o
 .bss           0x81018010        0x0 binaries/strrchr.o
 .bss           0x81018010        0x0 binaries/strstr.o
 .bss           0x81018010        0x0 binaries/fsrclose.o
 .bss           0x81018010        0x0 binaries/fsrinit.o
 .bss           0x81018010        0x0 binaries/fsropen.o
 .bss           0x81018010        0x0 binaries/fsrread.o
 .bss           0x81018010        0x4 binaries/ctshandler.o
 .bss           0x81018014        0x0 binaries/ctsinit.o
 .bss           0x81018014        0x0 binaries/ctsopen.o
 .bss           0x81018014        0x0 binaries/ctsread.o
 .bss           0x81018014        0x0 binaries/buzclose.o
 .bss           0x81018014        0x0 binaries/buzopen.o
 .bss           0x81018014        0x0 binaries/buzwrite.o
 .bss           0x81018014        0x0 binaries/ttycontrol.o
 .bss           0x81018014        0x0 binaries/ttygetc.o
 .bss           0x81018014        0x0 binaries/ttyhandle_in.o
 .bss           0x81018014        0x0 binaries/ttyhandle_out.o
 .bss           0x81018014        0x0 binaries/ttyhandler.o
 .bss           0x81018014        0x0 binaries/ttyinit.o
 .bss           0x81018014        0x0 binaries/ttykickout.o
 .bss           0x81018014        0x0 binaries/ttyputc.o
 .bss           0x81018014        0x0 binaries/ttyread.o
 .bss           0x81018014        0x0 binaries/ttywrite.o
 .bss           0x81018014        0x0 binaries/mount.o
 .bss           0x81018014        0x0 binaries/naminit.o
 .bss           0x81018014        0x0 binaries/nammap.o
 .bss           0x81018014        0x0 binaries/namopen.o
 .bss           0x81018014        0x0 binaries/ethcontrol.o
 .bss           0x81018014        0x0 binaries/ethhandler.o
 .bss           0x81018014        0x0 binaries/ethinit.o
 .bss           0x81018014        0x0 binaries/ethread.o
 .bss           0x81018014        0x0 binaries/ethwrite.o
 .bss           0x81018014        0x0 binaries/rdsbufalloc.o
 .bss           0x81018014        0x0 binaries/rdsclose.o
 .bss           0x81018014        0x0 binaries/rdscomm.o
 .bss           0x81018014        0x0 binaries/rdscontrol.o
 .bss           0x81018014        0x0 binaries/rdsinit.o
 .bss           0x81018014        0x0 binaries/rdsopen.o
 .bss           0x81018014        0x0 binaries/rdsprocess.o
 .bss           0x81018014        0x0 binaries/rdsread.o
 .bss           0x81018014        0x0 binaries/rdswrite.o
 .bss           0x81018014        0x0 binaries/ramclose.o
 .bss           0x81018014        0x0 binaries/raminit.o
 .bss           0x81018014        0x0 binaries/ramopen.o
 .bss           0x81018014        0x0 binaries/ramread.o
 .bss           0x81018014        0x0 binaries/ramwrite.o
 .bss           0x81018014        0x0 binaries/lfdballoc.o
 .bss           0x81018014        0x0 binaries/lfdbfree.o
 .bss           0x81018014        0x0 binaries/lfflush.o
 .bss           0x81018014        0x0 binaries/lfgetmode.o
 .bss           0x81018014        0x0 binaries/lfiballoc.o
 .bss           0x81018014        0x0 binaries/lfibclear.o
 .bss           0x81018014        0x0 binaries/lfibget.o
 .bss           0x81018014        0x0 binaries/lfibput.o
 .bss           0x81018014        0x0 binaries/lflclose.o
 .bss           0x81018014        0x0 binaries/lflcontrol.o
 .bss           0x81018014        0x0 binaries/lflgetc.o
 .bss           0x81018014        0x0 binaries/lflinit.o
 .bss           0x81018014        0x0 binaries/lflputc.o
 .bss           0x81018014        0x0 binaries/lflread.o
 .bss           0x81018014        0x0 binaries/lflseek.o
 .bss           0x81018014        0x0 binaries/lflwrite.o
 .bss           0x81018014        0x0 binaries/lfscheck.o
 .bss           0x81018014        0x0 binaries/lfsckfmt.o
 .bss           0x81018014        0x0 binaries/lfscreate.o
 .bss           0x81018014        0x0 binaries/lfsetup.o
 .bss           0x81018014        0x0 binaries/lfsinit.o
 .bss           0x81018014        0x0 binaries/lfsopen.o
 .bss           0x81018014        0x0 binaries/lftruncate.o
 .bss           0x81018014        0x0 binaries/rflclose.o
 .bss           0x81018014        0x0 binaries/rflgetc.o
 .bss           0x81018014        0x0 binaries/rflinit.o
 .bss           0x81018014        0x0 binaries/rflputc.o
 .bss           0x81018014        0x0 binaries/rflread.o
 .bss           0x81018014        0x0 binaries/rflseek.o
 .bss           0x81018014        0x0 binaries/rflwrite.o
 .bss           0x81018014        0x0 binaries/rfscomm.o
 .bss           0x81018014        0x0 binaries/rfscontrol.o
 .bss           0x81018014        0x0 binaries/rfsgetmode.o
 .bss           0x81018014        0x0 binaries/rfsinit.o
 .bss           0x81018014        0x0 binaries/rfsndmsg.o
 .bss           0x81018014        0x0 binaries/rfsopen.o
 .bss           0x81018014        0x0 binaries/spicontrol.o
 .bss           0x81018014        0x0 binaries/spiinit.o
 .bss           0x81018014        0x0 binaries/arp.o
 .bss           0x81018014        0x0 binaries/dhcp.o
 .bss           0x81018014        0x0 binaries/dns.o
 .bss           0x81018014        0x0 binaries/dot2ip.o
 .bss           0x81018014        0x0 binaries/hexdump.o
 .bss           0x81018014        0x0 binaries/icmp.o
 .bss           0x81018014        0x0 binaries/ip.o
 .bss           0x81018014        0x0 binaries/net.o
 .bss           0x81018014        0x0 binaries/pdump.o
 .bss           0x81018014        0x0 binaries/tftp.o
 .bss           0x81018014        0x0 binaries/udp.o
 .bss           0x81018014        0x0 binaries/addargs.o
 .bss           0x81018014        0x0 binaries/lexan.o
 .bss           0x81018014        0x0 binaries/shell.o
 .bss           0x81018014        0x0 binaries/xsh_argecho.o
 .bss           0x81018014        0x0 binaries/xsh_arp.o
 .bss           0x81018014        0x0 binaries/xsh_cat.o
 .bss           0x81018014        0x0 binaries/xsh_clear.o
 .bss           0x81018014        0x0 binaries/xsh_date.o
 .bss           0x81018014        0x0 binaries/xsh_devdump.o
 .bss           0x81018014        0x0 binaries/xsh_echo.o
 .bss           0x81018014        0x0 binaries/xsh_exit.o
 .bss           0x81018014        0x0 binaries/xsh_help.o
 .bss           0x81018014        0x0 binaries/xsh_kill.o
 .bss           0x81018014        0x0 binaries/xsh_memdump.o
 .bss           0x81018014        0x0 binaries/xsh_memstat.o
 .bss           0x81018014        0x0 binaries/xsh_netinfo.o
 .bss           0x81018014        0x4 binaries/xsh_ping.o
 .bss           0x81018018        0x0 binaries/xsh_ps.o
 .bss           0x81018018        0x0 binaries/xsh_sleep.o
 .bss           0x81018018        0x0 binaries/xsh_udpdump.o
 .bss           0x81018018        0x0 binaries/xsh_udpecho.o
 .bss           0x81018018        0x0 binaries/xsh_udpserver.o
 .bss           0x81018018        0x0 binaries/xsh_uptime.o
 .bss           0x81018018        0x0 binaries/ctxsw.o
 .bss           0x81018018        0x0 binaries/intr.o
 .bss           0x81018018        0x0 ../cross_compiler/lib/gcc/arm-none-eabi/4.8.1//libgcc.a(_udivsi3.o)
 .bss           0x81018018        0x0 ../cross_compiler/lib/gcc/arm-none-eabi/4.8.1//libgcc.a(_divsi3.o)
 .bss           0x81018018        0x0 ../cross_compiler/lib/gcc/arm-none-eabi/4.8.1//libgcc.a(_dvmd_tls.o)
 .bss           0x81018018        0x0 ../cross_compiler/lib/gcc/arm-none-eabi/4.8.1//libgcc.a(_arm_muldivdf3.o)
 .bss           0x81018018        0x0 ../cross_compiler/lib/gcc/arm-none-eabi/4.8.1//libgcc.a(_arm_cmpdf2.o)
 .bss           0x81018018        0x0 ../cross_compiler/lib/gcc/arm-none-eabi/4.8.1//libgcc.a(_arm_fixdfsi.o)
 *(COMMON)
 COMMON         0x81018018       0xf4 binaries/bufinit.o
                0x81018018                buftab
                0x81018108                nbpools
 COMMON         0x8101810c        0xc binaries/clkinit.o
                0x8101810c                sleepq
                0x81018110                preempt
                0x81018114                clktime
 COMMON         0x81018118      0x200 binaries/evec.o
                0x81018118                intc_vector
 COMMON         0x81018318     0x1aa4 binaries/initialize.o
                0x81018318                cts_sem
                0x8101831c                currpid
                0x81018320                proctab
                0x81019900                prcount
                0x81019904                semtab
                0x81019db4                memlist
 COMMON         0x81019dbc       0x58 binaries/mark.o
                0x81019dbc                marks
                0x81019e0c                nmarks
                0x81019e10                mkmutex
 COMMON         0x81019e14        0x8 binaries/meminit.o
                0x81019e14                minheap
                0x81019e18                maxheap
 COMMON         0x81019e1c      0x2d8 binaries/ptinit.o
                0x81019e1c                porttab
                0x8101a0ec                ptnextid
                0x8101a0f0                ptfree
 COMMON         0x8101a0f4      0x980 binaries/queue.o
                0x8101a0f4                queuetab
 COMMON         0x8101aa74        0x2 binaries/ready.o
                0x8101aa74                readylist
 *fill*         0x8101aa76        0x2 
 COMMON         0x8101aa78        0x8 binaries/resched.o
                0x8101aa78                Defer
 COMMON         0x8101aa80      0x110 binaries/ttyinit.o
                0x8101aa80                ttytab
 COMMON         0x8101ab90     0x19a4 binaries/naminit.o
                0x8101ab90                nnames
                0x8101ab94                nametab
 COMMON         0x8101c534      0x154 binaries/ethinit.o
                0x8101c534                eth_a_regs
                0x8101c550                ethertab
 COMMON         0x8101c688       0x8c binaries/rdsinit.o
                0x8101c688                rdstab
 COMMON         0x8101c714    0x19000 binaries/raminit.o
                0x8101c714                Ram
 COMMON         0x81035714      0xf00 binaries/lflinit.o
                0x81035714                lfltab
 COMMON         0x81036614      0x20c binaries/lfsinit.o
                0x81036614                Lf_data
 COMMON         0x81036820      0x5a0 binaries/rflinit.o
                0x81036820                rfltab
 COMMON         0x81036dc0       0x18 binaries/rfsinit.o
                0x81036dc0                Rf_data
 COMMON         0x81036dd8      0x140 binaries/arp.o
                0x81036dd8                arpcache
 COMMON         0x81036f18      0x230 binaries/icmp.o
                0x81036f18                icmptab
[...]
 .ARM.attributes
                0x000020db       0x35 binaries/ramread.o
 .ARM.attributes
                0x00002110       0x35 binaries/ramwrite.o
 .ARM.attributes
                0x00002145       0x35 binaries/lfdballoc.o
 .ARM.attributes
                0x0000217a       0x35 binaries/lfdbfree.o
 .ARM.attributes
                0x000021af       0x35 binaries/lfflush.o
 .ARM.attributes
                0x000021e4       0x35 binaries/lfgetmode.o
 .ARM.attributes
                0x00002219       0x35 binaries/lfiballoc.o
 .ARM.attributes
                0x0000224e       0x35 binaries/lfibclear.o
 .ARM.attributes
                0x00002283       0x35 binaries/lfibget.o
 .ARM.attributes
                0x000022b8       0x35 binaries/lfibput.o
 .ARM.attributes
                0x000022ed       0x35 binaries/lflclose.o
 .ARM.attributes
                0x00002322       0x35 binaries/lflcontrol.o
 .ARM.attributes
                0x00002357       0x35 binaries/lflgetc.o
 .ARM.attributes
                0x0000238c       0x35 binaries/lflinit.o
 .ARM.attributes
                0x000023c1       0x35 binaries/lflputc.o
 .ARM.attributes
                0x000023f6       0x35 binaries/lflread.o
 .ARM.attributes
                0x0000242b       0x35 binaries/lflseek.o
 .ARM.attributes
                0x00002460       0x35 binaries/lflwrite.o
 .ARM.attributes
                0x00002495       0x35 binaries/lfscheck.o
 .ARM.attributes
                0x000024ca       0x35 binaries/lfsckfmt.o
 .ARM.attributes
                0x000024ff       0x35 binaries/lfscreate.o
 .ARM.attributes
                0x00002534       0x35 binaries/lfsetup.o
 .ARM.attributes
                0x00002569       0x35 binaries/lfsinit.o
 .ARM.attributes
                0x0000259e       0x35 binaries/lfsopen.o
 .ARM.attributes
                0x000025d3       0x35 binaries/lftruncate.o
 .ARM.attributes
                0x00002608       0x35 binaries/rflclose.o
 .ARM.attributes
                0x0000263d       0x35 binaries/rflgetc.o
 .ARM.attributes
                0x00002672       0x35 binaries/rflinit.o
 .ARM.attributes
                0x000026a7       0x35 binaries/rflputc.o
 .ARM.attributes
                0x000026dc       0x35 binaries/rflread.o
 .ARM.attributes
                0x00002711       0x35 binaries/rflseek.o
 .ARM.attributes
                0x00002746       0x35 binaries/rflwrite.o
 .ARM.attributes
                0x0000277b       0x35 binaries/rfscomm.o
 .ARM.attributes
                0x000027b0       0x35 binaries/rfscontrol.o
 .ARM.attributes
                0x000027e5       0x35 binaries/rfsgetmode.o
 .ARM.attributes
                0x0000281a       0x35 binaries/rfsinit.o
 .ARM.attributes
                0x0000284f       0x35 binaries/rfsndmsg.o
 .ARM.attributes
                0x00002884       0x35 binaries/rfsopen.o
 .ARM.attributes
                0x000028b9       0x35 binaries/spicontrol.o
 .ARM.attributes
                0x000028ee       0x35 binaries/spiinit.o
 .ARM.attributes
                0x00002923       0x35 binaries/arp.o
 .ARM.attributes
                0x00002958       0x35 binaries/dhcp.o
 .ARM.attributes
                0x0000298d       0x35 binaries/dns.o
 .ARM.attributes
                0x000029c2       0x35 binaries/dot2ip.o
 .ARM.attributes
                0x000029f7       0x35 binaries/hexdump.o
 .ARM.attributes
                0x00002a2c       0x35 binaries/icmp.o
 .ARM.attributes
                0x00002a61       0x35 binaries/ip.o
 .ARM.attributes
                0x00002a96       0x35 binaries/net.o
 .ARM.attributes
                0x00002acb       0x35 binaries/pdump.o
 .ARM.attributes
                0x00002b00       0x35 binaries/tftp.o
 .ARM.attributes
                0x00002b35       0x35 binaries/udp.o
 .ARM.attributes
                0x00002b6a       0x35 binaries/addargs.o
 .ARM.attributes
                0x00002b9f       0x35 binaries/lexan.o
 .ARM.attributes
                0x00002bd4       0x35 binaries/shell.o
 .ARM.attributes
                0x00002c09       0x35 binaries/xsh_argecho.o
 .ARM.attributes
                0x00002c3e       0x35 binaries/xsh_arp.o
 .ARM.attributes
                0x00002c73       0x35 binaries/xsh_cat.o
 .ARM.attributes
                0x00002ca8       0x35 binaries/xsh_clear.o
 .ARM.attributes
                0x00002cdd       0x35 binaries/xsh_date.o
 .ARM.attributes
                0x00002d12       0x35 binaries/xsh_devdump.o
 .ARM.attributes
                0x00002d47       0x35 binaries/xsh_echo.o
 .ARM.attributes
                0x00002d7c       0x35 binaries/xsh_exit.o
 .ARM.attributes
                0x00002db1       0x35 binaries/xsh_help.o
 .ARM.attributes
                0x00002de6       0x35 binaries/xsh_kill.o
 .ARM.attributes
                0x00002e1b       0x35 binaries/xsh_memdump.o
 .ARM.attributes
                0x00002e50       0x35 binaries/xsh_memstat.o
 .ARM.attributes
                0x00002e85       0x35 binaries/xsh_netinfo.o
 .ARM.attributes
                0x00002eba       0x35 binaries/xsh_ping.o
 .ARM.attributes
                0x00002eef       0x35 binaries/xsh_ps.o
 .ARM.attributes
                0x00002f24       0x35 binaries/xsh_sleep.o
 .ARM.attributes
                0x00002f59       0x35 binaries/xsh_udpdump.o
 .ARM.attributes
                0x00002f8e       0x35 binaries/xsh_udpecho.o
 .ARM.attributes
                0x00002fc3       0x35 binaries/xsh_udpserver.o
 .ARM.attributes
                0x00002ff8       0x35 binaries/xsh_uptime.o
 .ARM.attributes
                0x0000302d       0x25 binaries/ctxsw.o
 .ARM.attributes
                0x00003052       0x25 binaries/intr.o
 .ARM.attributes
                0x00003077       0x18 ../cross_compiler/lib/gcc/arm-none-eabi/4.8.1//libgcc.a(_udivsi3.o)
 .ARM.attributes
                0x0000308f       0x18 ../cross_compiler/lib/gcc/arm-none-eabi/4.8.1//libgcc.a(_divsi3.o)
 .ARM.attributes
                0x000030a7       0x18 ../cross_compiler/lib/gcc/arm-none-eabi/4.8.1//libgcc.a(_dvmd_tls.o)
 .ARM.attributes
                0x000030bf       0x18 ../cross_compiler/lib/gcc/arm-none-eabi/4.8.1//libgcc.a(_arm_muldivdf3.o)
 .ARM.attributes
                0x000030d7       0x18 ../cross_compiler/lib/gcc/arm-none-eabi/4.8.1//libgcc.a(_arm_cmpdf2.o)
 .ARM.attributes
                0x000030ef       0x18 ../cross_compiler/lib/gcc/arm-none-eabi/4.8.1//libgcc.a(_arm_fixdfsi.o)

.comment        0x00000000       0x30
 .comment       0x00000000       0x30 binaries/ascdate.o
                                 0x31 (size before relaxing)
 .comment       0x00000000       0x31 binaries/bufinit.o
 .comment       0x00000000       0x31 binaries/chprio.o
 .comment       0x00000000       0x31 binaries/clkhandler.o
 .comment       0x00000000       0x31 binaries/clkinit.o
 .comment       0x00000000       0x31 binaries/close.o
 .comment       0x00000000       0x31 binaries/conf.o
 .comment       0x00000000       0x31 binaries/control.o
 .comment       0x00000000       0x31 binaries/create.o
 .comment       0x00000000       0x31 binaries/evec.o
 .comment       0x00000000       0x31 binaries/exit.o
 .comment       0x00000000       0x31 binaries/freebuf.o
 .comment       0x00000000       0x31 binaries/freemem.o
 .comment       0x00000000       0x31 binaries/fsrpoll.o
 .comment       0x00000000       0x31 binaries/getbuf.o
 .comment       0x00000000       0x31 binaries/getc.o
 .comment       0x00000000       0x31 binaries/getdev.o
 .comment       0x00000000       0x31 binaries/getitem.o
 .comment       0x00000000       0x31 binaries/getmem.o
 .comment       0x00000000       0x31 binaries/getpid.o
 .comment       0x00000000       0x31 binaries/getprio.o
 .comment       0x00000000       0x31 binaries/getstk.o
 .comment       0x00000000       0x31 binaries/getticks.o
 .comment       0x00000000       0x31 binaries/gettime.o
 .comment       0x00000000       0x31 binaries/getutime.o
 .comment       0x00000000       0x31 binaries/init.o
 .comment       0x00000000       0x31 binaries/initialize.o
 .comment       0x00000000       0x31 binaries/insert.o
 .comment       0x00000000       0x31 binaries/insertd.o
 .comment       0x00000000       0x31 binaries/ioerr.o
 .comment       0x00000000       0x31 binaries/ionull.o
 .comment       0x00000000       0x31 binaries/kill.o
 .comment       0x00000000       0x31 binaries/kprintf.o
 .comment       0x00000000       0x31 binaries/main.o
 .comment       0x00000000       0x31 binaries/mark.o
 .comment       0x00000000       0x31 binaries/meminit.o
 .comment       0x00000000       0x31 binaries/mkbufpool.o
 .comment       0x00000000       0x31 binaries/newqueue.o
 .comment       0x00000000       0x31 binaries/open.o
 .comment       0x00000000       0x31 binaries/panic.o
 .comment       0x00000000       0x31 binaries/platinit.o
 .comment       0x00000000       0x31 binaries/ptclear.o
 .comment       0x00000000       0x31 binaries/ptcount.o
 .comment       0x00000000       0x31 binaries/ptcreate.o
 .comment       0x00000000       0x31 binaries/ptdelete.o
 .comment       0x00000000       0x31 binaries/ptinit.o
 .comment       0x00000000       0x31 binaries/ptrecv.o
 .comment       0x00000000       0x31 binaries/ptreset.o
 .comment       0x00000000       0x31 binaries/ptsend.o
 .comment       0x00000000       0x31 binaries/putc.o
 .comment       0x00000000       0x31 binaries/queue.o
 .comment       0x00000000       0x31 binaries/read.o
 .comment       0x00000000       0x31 binaries/ready.o
 .comment       0x00000000       0x31 binaries/receive.o
 .comment       0x00000000       0x31 binaries/recvclr.o
 .comment       0x00000000       0x31 binaries/recvpkt.o
 .comment       0x00000000       0x31 binaries/recvtime.o
 .comment       0x00000000       0x31 binaries/resched.o
 .comment       0x00000000       0x31 binaries/resume.o
 .comment       0x00000000       0x31 binaries/seek.o
 .comment       0x00000000       0x31 binaries/semcount.o
 .comment       0x00000000       0x31 binaries/semcreate.o
 .comment       0x00000000       0x31 binaries/semdelete.o
 .comment       0x00000000       0x31 binaries/semreset.o
 .comment       0x00000000       0x31 binaries/send.o
 .comment       0x00000000       0x31 binaries/sendpkt.o
 .comment       0x00000000       0x31 binaries/serverbuz.o
 .comment       0x00000000       0x31 binaries/serverfsr.o
 .comment       0x00000000       0x31 binaries/signal.o
 .comment       0x00000000       0x31 binaries/signaln.o
 .comment       0x00000000       0x31 binaries/sleep.o
 .comment       0x00000000       0x31 binaries/suspend.o
 .comment       0x00000000       0x31 binaries/unsleep.o
 .comment       0x00000000       0x31 binaries/userret.o
 .comment       0x00000000       0x31 binaries/wait.o
 .comment       0x00000000       0x31 binaries/waittouch.o
 .comment       0x00000000       0x31 binaries/wakeup.o
 .comment       0x00000000       0x31 binaries/write.o
 .comment       0x00000000       0x31 binaries/xdone.o
 .comment       0x00000000       0x31 binaries/yield.o
 .comment       0x00000000       0x31 binaries/abs.o
 .comment       0x00000000       0x31 binaries/atoi.o
 .comment       0x00000000       0x31 binaries/atol.o
 .comment       0x00000000       0x31 binaries/bzero.o
 .comment       0x00000000       0x31 binaries/ctype_.o
 .comment       0x00000000       0x31 binaries/doprnt.o
 .comment       0x00000000       0x31 binaries/doscan.o
 .comment       0x00000000       0x31 binaries/fdoprnt.o
 .comment       0x00000000       0x31 binaries/fgetc.o
 .comment       0x00000000       0x31 binaries/fgets.o
 .comment       0x00000000       0x31 binaries/fprintf.o
 .comment       0x00000000       0x31 binaries/fputc.o
 .comment       0x00000000       0x31 binaries/fputs.o
 .comment       0x00000000       0x31 binaries/fscanf.o
 .comment       0x00000000       0x31 binaries/getchar.o
 .comment       0x00000000       0x31 binaries/labs.o
 .comment       0x00000000       0x31 binaries/memchr.o
 .comment       0x00000000       0x31 binaries/memcmp.o
 .comment       0x00000000       0x31 binaries/memcpy.o
 .comment       0x00000000       0x31 binaries/memset.o
 .comment       0x00000000       0x31 binaries/printf.o
 .comment       0x00000000       0x31 binaries/putchar.o
 .comment       0x00000000       0x31 binaries/qsort.o
 .comment       0x00000000       0x31 binaries/rand.o
 .comment       0x00000000       0x31 binaries/sprintf.o
 .comment       0x00000000       0x31 binaries/sscanf.o
 .comment       0x00000000       0x31 binaries/strchr.o
 .comment       0x00000000       0x31 binaries/strcmp.o
 .comment       0x00000000       0x31 binaries/strcpy.o
 .comment       0x00000000       0x31 binaries/strlen.o
 .comment       0x00000000       0x31 binaries/strncat.o
 .comment       0x00000000       0x31 binaries/strncmp.o
 .comment       0x00000000       0x31 binaries/strncpy.o
 .comment       0x00000000       0x31 binaries/strnlen.o
 .comment       0x00000000       0x31 binaries/strrchr.o
 .comment       0x00000000       0x31 binaries/strstr.o
 .comment       0x00000000       0x31 binaries/fsrclose.o
 .comment       0x00000000       0x31 binaries/fsrinit.o
 .comment       0x00000000       0x31 binaries/fsropen.o
 .comment       0x00000000       0x31 binaries/fsrread.o
 .comment       0x00000000       0x31 binaries/ctshandler.o
 .comment       0x00000000       0x31 binaries/ctsinit.o
 .comment       0x00000000       0x31 binaries/ctsopen.o
 .comment       0x00000000       0x31 binaries/ctsread.o
 .comment       0x00000000       0x31 binaries/buzclose.o
 .comment       0x00000000       0x31 binaries/buzopen.o
 .comment       0x00000000       0x31 binaries/buzwrite.o
 .comment       0x00000000       0x31 binaries/ttycontrol.o
 .comment       0x00000000       0x31 binaries/ttygetc.o
 .comment       0x00000000       0x31 binaries/ttyhandle_in.o
 .comment       0x00000000       0x31 binaries/ttyhandle_out.o
 .comment       0x00000000       0x31 binaries/ttyhandler.o
 .comment       0x00000000       0x31 binaries/ttyinit.o
 .comment       0x00000000       0x31 binaries/ttykickout.o
 .comment       0x00000000       0x31 binaries/ttyputc.o
 .comment       0x00000000       0x31 binaries/ttyread.o
 .comment       0x00000000       0x31 binaries/ttywrite.o
 .comment       0x00000000       0x31 binaries/mount.o
 .comment       0x00000000       0x31 binaries/naminit.o
 .comment       0x00000000       0x31 binaries/nammap.o
 .comment       0x00000000       0x31 binaries/namopen.o
 .comment       0x00000000       0x31 binaries/ethcontrol.o
 .comment       0x00000000       0x31 binaries/ethhandler.o
 .comment       0x00000000       0x31 binaries/ethinit.o
 .comment       0x00000000       0x31 binaries/ethread.o
 .comment       0x00000000       0x31 binaries/ethwrite.o
 .comment       0x00000000       0x31 binaries/rdsbufalloc.o
 .comment       0x00000000       0x31 binaries/rdsclose.o
 .comment       0x00000000       0x31 binaries/rdscomm.o
 .comment       0x00000000       0x31 binaries/rdscontrol.o
 .comment       0x00000000       0x31 binaries/rdsinit.o
 .comment       0x00000000       0x31 binaries/rdsopen.o
 .comment       0x00000000       0x31 binaries/rdsprocess.o
 .comment       0x00000000       0x31 binaries/rdsread.o
 .comment       0x00000000       0x31 binaries/rdswrite.o
 .comment       0x00000000       0x31 binaries/ramclose.o
 .comment       0x00000000       0x31 binaries/raminit.o
 .comment       0x00000000       0x31 binaries/ramopen.o
 .comment       0x00000000       0x31 binaries/ramread.o
 .comment       0x00000000       0x31 binaries/ramwrite.o
 .comment       0x00000000       0x31 binaries/lfdballoc.o
 .comment       0x00000000       0x31 binaries/lfdbfree.o
 .comment       0x00000000       0x31 binaries/lfflush.o
 .comment       0x00000000       0x31 binaries/lfgetmode.o
 .comment       0x00000000       0x31 binaries/lfiballoc.o
 .comment       0x00000000       0x31 binaries/lfibclear.o
 .comment       0x00000000       0x31 binaries/lfibget.o
 .comment       0x00000000       0x31 binaries/lfibput.o
 .comment       0x00000000       0x31 binaries/lflclose.o
 .comment       0x00000000       0x31 binaries/lflcontrol.o
 .comment       0x00000000       0x31 binaries/lflgetc.o
 .comment       0x00000000       0x31 binaries/lflinit.o
 .comment       0x00000000       0x31 binaries/lflputc.o
 .comment       0x00000000       0x31 binaries/lflread.o
 .comment       0x00000000       0x31 binaries/lflseek.o
 .comment       0x00000000       0x31 binaries/lflwrite.o
 .comment       0x00000000       0x31 binaries/lfscheck.o
 .comment       0x00000000       0x31 binaries/lfsckfmt.o
 .comment       0x00000000       0x31 binaries/lfscreate.o
 .comment       0x00000000       0x31 binaries/lfsetup.o
 .comment       0x00000000       0x31 binaries/lfsinit.o
 .comment       0x00000000       0x31 binaries/lfsopen.o
 .comment       0x00000000       0x31 binaries/lftruncate.o
 .comment       0x00000000       0x31 binaries/rflclose.o
 .comment       0x00000000       0x31 binaries/rflgetc.o
 .comment       0x00000000       0x31 binaries/rflinit.o
 .comment       0x00000000       0x31 binaries/rflputc.o
 .comment       0x00000000       0x31 binaries/rflread.o
 .comment       0x00000000       0x31 binaries/rflseek.o
 .comment       0x00000000       0x31 binaries/rflwrite.o
 .comment       0x00000000       0x31 binaries/rfscomm.o
 .comment       0x00000000       0x31 binaries/rfscontrol.o
 .comment       0x00000000       0x31 binaries/rfsgetmode.o
 .comment       0x00000000       0x31 binaries/rfsinit.o
 .comment       0x00000000       0x31 binaries/rfsndmsg.o
 .comment       0x00000000       0x31 binaries/rfsopen.o
 .comment       0x00000000       0x31 binaries/spicontrol.o
 .comment       0x00000000       0x31 binaries/spiinit.o
 .comment       0x00000000       0x31 binaries/arp.o
 .comment       0x00000000       0x31 binaries/dhcp.o
 .comment       0x00000000       0x31 binaries/dns.o
 .comment       0x00000000       0x31 binaries/dot2ip.o
 .comment       0x00000000       0x31 binaries/hexdump.o
 .comment       0x00000000       0x31 binaries/icmp.o
 .comment       0x00000000       0x31 binaries/ip.o
 .comment       0x00000000       0x31 binaries/net.o
 .comment       0x00000000       0x31 binaries/pdump.o
 .comment       0x00000000       0x31 binaries/tftp.o
 .comment       0x00000000       0x31 binaries/udp.o
 .comment       0x00000000       0x31 binaries/addargs.o
 .comment       0x00000000       0x31 binaries/lexan.o
 .comment       0x00000000       0x31 binaries/shell.o
 .comment       0x00000000       0x31 binaries/xsh_argecho.o
 .comment       0x00000000       0x31 binaries/xsh_arp.o
 .comment       0x00000000       0x31 binaries/xsh_cat.o
 .comment       0x00000000       0x31 binaries/xsh_clear.o
 .comment       0x00000000       0x31 binaries/xsh_date.o
 .comment       0x00000000       0x31 binaries/xsh_devdump.o
 .comment       0x00000000       0x31 binaries/xsh_echo.o
 .comment       0x00000000       0x31 binaries/xsh_exit.o
 .comment       0x00000000       0x31 binaries/xsh_help.o
 .comment       0x00000000       0x31 binaries/xsh_kill.o
 .comment       0x00000000       0x31 binaries/xsh_memdump.o
 .comment       0x00000000       0x31 binaries/xsh_memstat.o
 .comment       0x00000000       0x31 binaries/xsh_netinfo.o
 .comment       0x00000000       0x31 binaries/xsh_ping.o
 .comment       0x00000000       0x31 binaries/xsh_ps.o
 .comment       0x00000000       0x31 binaries/xsh_sleep.o
 .comment       0x00000000       0x31 binaries/xsh_udpdump.o
 .comment       0x00000000       0x31 binaries/xsh_udpecho.o
 .comment       0x00000000       0x31 binaries/xsh_udpserver.o
 .comment       0x00000000       0x31 binaries/xsh_uptime.o

.debug_frame    0x00000000       0x40
 .debug_frame   0x00000000       0x20 ../cross_compiler/lib/gcc/arm-none-eabi/4.8.1//libgcc.a(_udivsi3.o)
 .debug_frame   0x00000020       0x20 ../cross_compiler/lib/gcc/arm-none-eabi/4.8.1//libgcc.a(_divsi3.o)
